<div><h1>Testpage header</h1><p>Test paragraph</p></div>