<div id="table-of-contents">
<h2>Table of Contents</h2>
<div id="text-table-of-contents">
<ul>
<li><a href="#sec-1">1. Hello</a>
<ul>
<li><a href="#sec-1-1">1.1. Something</a></li>
</ul>
</li>
</ul>
</div>
</div>
<p>
#+DATE 2018-02-28 Wed
</p>

<div id="outline-container-sec-1" class="outline-2">
<h2 id="sec-1"><span class="section-number-2">1</span> Hello</h2>
<div class="outline-text-2" id="text-1">
</div><div id="outline-container-sec-1-1" class="outline-3">
<h3 id="sec-1-1"><span class="section-number-3">1.1</span> Something</h3>
<div class="outline-text-3" id="text-1-1">
<p>
A bit of text
</p>
</div>
</div>
</div>
